=== START mode=priority todo=39 ===
[1/39] FAIL mercedes-g580-eq-side: fail
[2/39] FAIL mercedes-g580-eq-interior: fail
[3/39] FAIL mercedes-gls-450d-interior: fail
[4/39] FAIL mercedes-g580-eq-front: fail
[5/39] FAIL mercedes-g500-front: fail
[6/39] FAIL mercedes-g500-side: fail
[7/39] FAIL chevy-tahoe-high-country-side: fail
[8/39] FAIL chevy-tahoe-high-country-front: fail
[9/39] FAIL chevy-tahoe-high-country-interior: fail
[10/39] FAIL mercedes-g500-interior: fail
[11/39] FAIL tesla-model-x-lr-front: fail
[12/39] FAIL mercedes-gle-450d-side: fail
[13/39] FAIL bmw-x5-xdrive40i-side: fail
[14/39] FAIL tesla-cybertruck-awd-front: fail
[15/39] FAIL bmw-x5-xdrive40i-front: fail
[16/39] OK mercedes-gls-450d-side (1802KB)
[17/39] OK lucid-air-pure-front (1643KB)
[18/39] OK mercedes-gls-450d-front (1774KB)
[19/39] OK lucid-air-pure-interior (2092KB)
[20/39] OK lucid-air-pure-side (1727KB)
[21/39] OK ford-bronco-big-bend-side (1661KB)
[22/39] FAIL rivian-r1s-dual-front: fail
[23/39] OK mustang-gt-v8-front (1775KB)
[24/39] FAIL rivian-r1s-dual-side: fail
[25/39] OK ford-bronco-big-bend-front (1951KB)
[26/39] OK ford-bronco-big-bend-interior (1791KB)
[27/39] OK bmw-x5-xdrive40i-interior (2217KB)
[28/39] OK mustang-gt-v8-side (1546KB)
[29/39] OK kia-ev9-rwd-front (1601KB)
[30/39] FAIL chevy-traverse-z71-side: fail
[31/39] OK kia-ev9-rwd-side (1622KB)
[32/39] FAIL chevy-traverse-z71-interior: fail
[33/39] OK mustang-gt-v8-interior (2254KB)
[34/39] OK kia-ev9-rwd-interior (1761KB)
[35/39] OK jeep-wrangler-sport-side (1647KB)
[36/39] OK jeep-wrangler-sport-front (1975KB)
[37/39] OK rivian-r1s-dual-interior (1985KB)
[38/39] OK chevy-traverse-z71-front (1744KB)
[39/39] OK jeep-wrangler-sport-interior (2388KB)
=== DONE mode=priority: 20 ok, 19 failed ===
