22:08:23 === START mode=priority todo=39 ===
22:08:36 [1/39] FAIL mercedes-g580-eq-side: fail
22:08:36 [2/39] FAIL mercedes-g580-eq-interior: fail
22:08:36 [3/39] FAIL mercedes-gls-450d-interior: fail
22:08:36 [4/39] FAIL mercedes-g580-eq-front: fail
22:08:36 [5/39] FAIL mercedes-g500-front: fail
22:08:47 [6/39] FAIL mercedes-g500-side: fail
22:08:47 [7/39] FAIL chevy-tahoe-high-country-side: fail
22:08:47 [8/39] FAIL chevy-tahoe-high-country-front: fail
22:08:47 [9/39] FAIL chevy-tahoe-high-country-interior: fail
22:08:47 [10/39] FAIL mercedes-g500-interior: fail
22:08:57 [11/39] FAIL tesla-model-x-lr-front: fail
22:08:57 [12/39] FAIL mercedes-gle-450d-side: fail
22:08:58 [13/39] FAIL bmw-x5-xdrive40i-side: fail
22:08:58 [14/39] FAIL tesla-cybertruck-awd-front: fail
22:08:58 [15/39] FAIL bmw-x5-xdrive40i-front: fail
22:09:54 [16/39] OK mercedes-gls-450d-side (1802KB)
22:10:01 [17/39] OK lucid-air-pure-front (1643KB)
22:10:04 [18/39] OK mercedes-gls-450d-front (1774KB)
22:10:23 [19/39] OK lucid-air-pure-interior (2092KB)
22:10:29 [20/39] OK lucid-air-pure-side (1727KB)
22:10:43 [21/39] OK ford-bronco-big-bend-side (1661KB)
22:10:52 [22/39] FAIL rivian-r1s-dual-front: fail
22:10:57 [23/39] OK mustang-gt-v8-front (1775KB)
22:11:00 [24/39] FAIL rivian-r1s-dual-side: fail
22:11:03 [25/39] OK ford-bronco-big-bend-front (1951KB)
22:11:06 [26/39] OK ford-bronco-big-bend-interior (1791KB)
22:11:23 [27/39] OK bmw-x5-xdrive40i-interior (2217KB)
22:11:34 [28/39] OK mustang-gt-v8-side (1546KB)
22:11:42 [29/39] OK kia-ev9-rwd-front (1601KB)
22:11:43 [30/39] FAIL chevy-traverse-z71-side: fail
22:11:50 [31/39] OK kia-ev9-rwd-side (1622KB)
22:11:51 [32/39] FAIL chevy-traverse-z71-interior: fail
22:12:11 [33/39] OK mustang-gt-v8-interior (2254KB)
22:12:14 [34/39] OK kia-ev9-rwd-interior (1761KB)
22:12:35 [35/39] OK jeep-wrangler-sport-side (1647KB)
22:12:58 [36/39] OK jeep-wrangler-sport-front (1975KB)
22:13:05 [37/39] OK rivian-r1s-dual-interior (1985KB)
22:13:12 [38/39] OK chevy-traverse-z71-front (1744KB)
22:13:17 [39/39] OK jeep-wrangler-sport-interior (2388KB)
22:13:17 === DONE mode=priority: 20 ok, 19 failed ===
22:15:42 === START mode=priority todo=18 ===
22:15:54 [1/18] FAIL mercedes-g500-interior: fail
22:15:54 [2/18] FAIL mercedes-g580-eq-interior: fail
22:15:54 [3/18] FAIL chevy-tahoe-high-country-front: fail
22:15:55 [4/18] FAIL mercedes-g500-side: fail
22:15:55 [5/18] FAIL mercedes-g580-eq-front: fail
22:17:17 [6/18] OK mercedes-g580-eq-side (1649KB)
22:17:19 [7/18] OK chevy-tahoe-high-country-side (1602KB)
22:17:24 [8/18] OK mercedes-gle-450d-side (1829KB)
22:17:31 [9/18] OK bmw-x5-xdrive40i-side (1764KB)
22:17:39 [10/18] OK chevy-tahoe-high-country-interior (2164KB)
22:17:40 [11/18] OK mercedes-gls-450d-interior (2134KB)
22:17:47 [12/18] OK rivian-r1s-dual-front (1829KB)
22:17:50 [13/18] OK mercedes-g500-front (1748KB)
22:17:54 [14/18] OK tesla-model-x-lr-front (1866KB)
22:17:59 [15/18] OK bmw-x5-xdrive40i-front (2026KB)
22:18:47 [16/18] OK chevy-traverse-z71-side (1674KB)
22:18:55 [17/18] OK rivian-r1s-dual-side (1584KB)
22:19:25 [18/18] OK chevy-traverse-z71-interior (2047KB)
22:19:25 === DONE mode=priority: 13 ok, 5 failed ===
22:24:41 === START mode=secondary todo=24 ===
22:24:59 [1/24] FAIL ford-bronco-raptor-rear: fail
22:25:00 [2/24] FAIL lucid-air-pure-wheels: fail
22:25:00 [3/24] FAIL mercedes-g500-wheels: fail
22:25:00 [4/24] FAIL mercedes-g580-eq-rear: fail
22:25:00 [5/24] FAIL mercedes-g580-eq-wheels: fail
22:25:00 [6/24] FAIL lucid-air-pure-rear: fail
22:25:00 [7/24] FAIL mercedes-g500-rear: fail
22:25:00 [8/24] FAIL chevy-tahoe-high-country-wheels: fail
22:25:00 [9/24] FAIL chevy-tahoe-high-country-rear: fail
22:25:12 [10/24] FAIL kia-ev9-rwd-wheels: fail
22:25:12 [11/24] FAIL rivian-r1s-dual-rear: fail
22:25:12 [12/24] FAIL kia-ev9-rwd-rear: fail
22:25:12 [13/24] FAIL mustang-gt-v8-wheels: fail
22:25:21 [14/24] FAIL rivian-r1s-dual-wheels: fail
22:25:22 [15/24] FAIL jeep-wrangler-sport-wheels: fail
22:25:22 [16/24] FAIL jeep-wrangler-sport-rear: fail
22:25:22 [17/24] FAIL chevy-traverse-z71-rear: fail
22:25:30 [18/24] FAIL chevy-traverse-z71-wheels: fail
22:26:38 [19/24] OK mercedes-g63-amg-rear (1833KB)
22:26:41 [20/24] OK ford-bronco-big-bend-rear (1716KB)
22:26:59 [21/24] OK bmw-x5-xdrive40i-rear (1931KB)
22:27:00 [22/24] OK ford-bronco-big-bend-wheels (2040KB)
22:27:03 [23/24] OK bmw-x5-xdrive40i-wheels (1930KB)
22:27:10 [24/24] OK mustang-gt-v8-rear (1933KB)
22:27:10 === DONE mode=secondary: 6 ok, 18 failed ===
22:28:11 === START mode=secondary todo=18 ===
22:28:23 [1/18] FAIL mercedes-g580-eq-rear: fail
22:28:24 [2/18] FAIL chevy-tahoe-high-country-rear: fail
22:28:24 [3/18] FAIL ford-bronco-raptor-rear: fail
22:28:24 [4/18] FAIL lucid-air-pure-rear: fail
22:28:24 [5/18] FAIL mercedes-g500-wheels: fail
22:28:33 [6/18] FAIL kia-ev9-rwd-rear: fail
22:28:33 [7/18] FAIL kia-ev9-rwd-wheels: fail
22:28:34 [8/18] FAIL jeep-wrangler-sport-rear: fail
22:28:34 [9/18] FAIL rivian-r1s-dual-wheels: fail
22:28:34 [10/18] FAIL rivian-r1s-dual-rear: fail
22:28:41 [11/18] FAIL jeep-wrangler-sport-wheels: fail
22:28:42 [12/18] FAIL chevy-traverse-z71-rear: fail
22:28:43 [13/18] FAIL chevy-traverse-z71-wheels: fail
22:30:03 [14/18] OK mercedes-g580-eq-wheels (1816KB)
22:30:04 [15/18] OK mercedes-g500-rear (1838KB)
22:30:06 [16/18] OK mustang-gt-v8-wheels (1940KB)
22:30:13 [17/18] OK lucid-air-pure-wheels (2256KB)
22:30:18 [18/18] OK chevy-tahoe-high-country-wheels (2067KB)
22:30:18 === DONE mode=secondary: 5 ok, 13 failed ===
